-- 130_offindex_field_scope -- a field-scoped @@@ applied as a FILTER refuses
-- instead of answering a different question (#298).
--
-- On the bm25 index path `title @@@ 'body:cat'` means "rows whose body field
-- contains cat". Off the index the operator's function, bm25_match, sees only the
-- title value and no index, so it used to search `body` and `cat` as two terms in
-- the title: rows disjoint from the index answer, silently. It now raises
-- feature_not_supported, as it already did for a phrase (#132). The filter path is
-- reached by ordinary shapes, each pinned below with a plan guard: enable_indexscan
-- off, `@@@ ... OR ...` (the AM has no amgetbitmap), and a non-owner on a table with
-- a row-level security policy (bm25_match is not LEAKPROOF).
--
-- What does NOT change, also pinned: the index path (scope honoured, unknown field
-- an error) and a bare RHS off the index, which still evaluates against the LHS
-- column only -- the documented multi-column divergence (ADR 0004).
CREATE EXTENSION bm25_native;
-- The id set a query returns, or the SQLSTATE name and message it raises.
CREATE FUNCTION fs_ids(q text) RETURNS text LANGUAGE plpgsql AS $$
DECLARE r text;
BEGIN
  EXECUTE 'SELECT coalesce(array_agg(id ORDER BY id)::text, ''{}'') FROM (' || q || ') s'
    INTO r;
  RETURN r;
EXCEPTION
  WHEN feature_not_supported THEN RETURN 'feature_not_supported: ' || SQLERRM;
  WHEN undefined_column THEN RETURN 'undefined_column: ' || SQLERRM;
END $$;
-- Plan shape, without pinning version-variant EXPLAIN text: does the bm25 index
-- answer the query, and is @@@ applied as a Filter?
CREATE FUNCTION fs_plan(q text, OUT bm25_index bool, OUT filter_at3 bool)
LANGUAGE plpgsql AS $$
DECLARE l text;
BEGIN
  bm25_index := false;
  filter_at3 := false;
  FOR l IN EXECUTE 'EXPLAIN (COSTS OFF) ' || q LOOP
    bm25_index := bm25_index OR l LIKE '%m_bm25%';
    filter_at3 := filter_at3 OR (l LIKE '%Filter:%' AND l LIKE '%@@@%');
  END LOOP;
END $$;
CREATE TABLE m (id int PRIMARY KEY, title text, body text) WITH (autovacuum_enabled = off);
INSERT INTO m VALUES
  (1, 'cat', 'zebra'),
  (2, 'dog', 'cat'),
  (3, 'meeting at 10:30', 'notes');
CREATE INDEX m_bm25 ON m USING bm25_native (title, body);
-- ------------------------------------------------------------ index path: unchanged
SET enable_seqscan = off;
SELECT * FROM fs_plan($$SELECT id FROM m WHERE title @@@ 'body:cat'$$);
 bm25_index | filter_at3 
------------+------------
 t          | f
(1 row)

SELECT fs_ids($$SELECT id FROM m WHERE title @@@ 'body:cat'$$);    -- {2}: body only
 fs_ids 
--------
 {2}
(1 row)

SELECT fs_ids($$SELECT id FROM m WHERE title @@@ 'cat'$$);         -- {1,2}: every field
 fs_ids 
--------
 {1,2}
(1 row)

SELECT fs_ids($$SELECT id FROM m WHERE title @@@ 'nope:cat'$$);    -- unknown field
                       fs_ids                        
-----------------------------------------------------
 undefined_column: bm25: unknown search field "nope"
(1 row)

SELECT fs_ids($$SELECT id FROM m WHERE title @@@ 'body:cat' ORDER BY title &@@ 'body:cat'$$);
 fs_ids 
--------
 {2}
(1 row)

-- ------------------------------------------------------------ enable_indexscan = off
SET enable_seqscan = on;
SET enable_indexscan = off;
SELECT * FROM fs_plan($$SELECT id FROM m WHERE title @@@ 'body:cat'$$);
 bm25_index | filter_at3 
------------+------------
 f          | t
(1 row)

-- The full error once (message, detail, hint), then through fs_ids.
SELECT id FROM m WHERE title @@@ 'body:cat';
ERROR:  bm25: the "@@@" match operator with a field-scoped query can only be evaluated by a bm25 index scan
DETAIL:  The query was planned to apply "col @@@ query" as a filter or recheck qual rather than as a bm25 index condition. A query with a colon before any whitespace or quote ("title:x", but also "http://x") may be scoped to a field of the bm25 index, and this evaluation path has no index to resolve the name against, so it could otherwise search a field name as a term in the left-hand column.
HINT:  Ensure the predicate is answered by the bm25 index: anchor "@@@" on the index's first indexed column, set enable_seqscan = off, and do not combine it with OR or with an ORDER BY or competing index that displaces the bm25 index scan. A row-level security policy on the table also forces this filter path for roles it applies to.
SELECT fs_ids($$SELECT id FROM m WHERE title @@@ 'body:cat'$$);
                                                           fs_ids                                                           
----------------------------------------------------------------------------------------------------------------------------
 feature_not_supported: bm25: the "@@@" match operator with a field-scoped query can only be evaluated by a bm25 index scan
(1 row)

-- The scope rule (bm25_query_field_prefix): no whitespace or quote before the colon,
-- leading whitespace skipped, a space after the colon allowed. Not identifier-only.
SELECT fs_ids($$SELECT id FROM m WHERE title @@@ '  body:cat'$$);
                                                           fs_ids                                                           
----------------------------------------------------------------------------------------------------------------------------
 feature_not_supported: bm25: the "@@@" match operator with a field-scoped query can only be evaluated by a bm25 index scan
(1 row)

SELECT fs_ids($$SELECT id FROM m WHERE title @@@ 'body: cat'$$);
                                                           fs_ids                                                           
----------------------------------------------------------------------------------------------------------------------------
 feature_not_supported: bm25: the "@@@" match operator with a field-scoped query can only be evaluated by a bm25 index scan
(1 row)

SELECT fs_ids($$SELECT id FROM m WHERE title @@@ 'nope:cat'$$);
                                                           fs_ids                                                           
----------------------------------------------------------------------------------------------------------------------------
 feature_not_supported: bm25: the "@@@" match operator with a field-scoped query can only be evaluated by a bm25 index scan
(1 row)

SELECT fs_ids($$SELECT id FROM m WHERE title @@@ ':cat'$$);
                                                           fs_ids                                                           
----------------------------------------------------------------------------------------------------------------------------
 feature_not_supported: bm25: the "@@@" match operator with a field-scoped query can only be evaluated by a bm25 index scan
(1 row)

SELECT fs_ids($$SELECT id FROM m WHERE title @@@ '10:30'$$);
                                                           fs_ids                                                           
----------------------------------------------------------------------------------------------------------------------------
 feature_not_supported: bm25: the "@@@" match operator with a field-scoped query can only be evaluated by a bm25 index scan
(1 row)

SELECT fs_ids($$SELECT id FROM m WHERE title @@@ 'http://example.com'$$);
                                                           fs_ids                                                           
----------------------------------------------------------------------------------------------------------------------------
 feature_not_supported: bm25: the "@@@" match operator with a field-scoped query can only be evaluated by a bm25 index scan
(1 row)

-- A space before the colon: a bare term, still evaluated here.
SELECT fs_ids($$SELECT id FROM m WHERE title @@@ 'meeting 10:30'$$);  -- {3}
 fs_ids 
--------
 {3}
(1 row)

-- A scoped phrase keeps its #132 phrase error (that check runs first).
SELECT fs_ids($$SELECT id FROM m WHERE title @@@ 'body:"zebra cat"'$$);
                                                        fs_ids                                                        
----------------------------------------------------------------------------------------------------------------------
 feature_not_supported: bm25: the "@@@" match operator with a phrase query can only be evaluated by a bm25 index scan
(1 row)

-- A colon inside a leading phrase is not a scope: still the phrase error.
SELECT fs_ids($$SELECT id FROM m WHERE title @@@ '"a: b"'$$);
                                                        fs_ids                                                        
----------------------------------------------------------------------------------------------------------------------
 feature_not_supported: bm25: the "@@@" match operator with a phrase query can only be evaluated by a bm25 index scan
(1 row)

-- Bare RHS: still evaluated, against the LHS column only ({1}, where the index
-- path above gave {1,2}) -- the documented divergence, not refused.
SELECT fs_ids($$SELECT id FROM m WHERE title @@@ 'cat'$$);
 fs_ids 
--------
 {1}
(1 row)

-- The jsonb builders were already refused off the index, scope or not.
SELECT fs_ids($$SELECT id FROM m WHERE title @@@ bm25_term('body', 'cat')$$);
                                                       fs_ids                                                        
---------------------------------------------------------------------------------------------------------------------
 feature_not_supported: bm25: the "@@@" match operator with a jsonb query can only be evaluated by a bm25 index scan
(1 row)

RESET enable_indexscan;
-- ------------------------------------------------------------ @@@ ... OR ...
SET enable_seqscan = off;
SELECT * FROM fs_plan($$SELECT id FROM m WHERE title @@@ 'body:cat' OR id = 4$$);
 bm25_index | filter_at3 
------------+------------
 f          | t
(1 row)

SELECT fs_ids($$SELECT id FROM m WHERE title @@@ 'body:cat' OR id = 4$$);
                                                           fs_ids                                                           
----------------------------------------------------------------------------------------------------------------------------
 feature_not_supported: bm25: the "@@@" match operator with a field-scoped query can only be evaluated by a bm25 index scan
(1 row)

SELECT fs_ids($$SELECT id FROM m WHERE title @@@ 'cat' OR id = 4$$);    -- {1}
 fs_ids 
--------
 {1}
(1 row)

-- ------------------------------------------------------------ RLS, non-owner
ALTER TABLE m ENABLE ROW LEVEL SECURITY;
CREATE POLICY m_pos ON m USING (id > 0);
CREATE ROLE bm25_h9_reader NOLOGIN;
GRANT USAGE ON SCHEMA public TO bm25_h9_reader;
GRANT SELECT ON m TO bm25_h9_reader;
SET ROLE bm25_h9_reader;
SELECT * FROM fs_plan($$SELECT id FROM m WHERE title @@@ 'body:cat'$$);
 bm25_index | filter_at3 
------------+------------
 f          | t
(1 row)

SELECT fs_ids($$SELECT id FROM m WHERE title @@@ 'body:cat'$$);
                                                           fs_ids                                                           
----------------------------------------------------------------------------------------------------------------------------
 feature_not_supported: bm25: the "@@@" match operator with a field-scoped query can only be evaluated by a bm25 index scan
(1 row)

SELECT fs_ids($$SELECT id FROM m WHERE title @@@ 'body:cat' ORDER BY title &@@ 'body:cat'$$);
                                                           fs_ids                                                           
----------------------------------------------------------------------------------------------------------------------------
 feature_not_supported: bm25: the "@@@" match operator with a field-scoped query can only be evaluated by a bm25 index scan
(1 row)

SELECT fs_ids($$SELECT id FROM m WHERE title @@@ 'cat'$$);           -- {1}
 fs_ids 
--------
 {1}
(1 row)

RESET ROLE;
-- The owner is exempt from the policy, so it still reaches the index.
SELECT * FROM fs_plan($$SELECT id FROM m WHERE title @@@ 'body:cat'$$);
 bm25_index | filter_at3 
------------+------------
 t          | f
(1 row)

SELECT fs_ids($$SELECT id FROM m WHERE title @@@ 'body:cat'$$);       -- {2}
 fs_ids 
--------
 {2}
(1 row)

RESET enable_seqscan;
-- ------------------------------------------------------------ the function form
-- Used to return t: the field name `body` was searched as a term.
SELECT bm25_match('nobody here has a body', 'body:zzz');
ERROR:  bm25: the "@@@" match operator with a field-scoped query can only be evaluated by a bm25 index scan
DETAIL:  The query was planned to apply "col @@@ query" as a filter or recheck qual rather than as a bm25 index condition. A query with a colon before any whitespace or quote ("title:x", but also "http://x") may be scoped to a field of the bm25 index, and this evaluation path has no index to resolve the name against, so it could otherwise search a field name as a term in the left-hand column.
HINT:  Ensure the predicate is answered by the bm25 index: anchor "@@@" on the index's first indexed column, set enable_seqscan = off, and do not combine it with OR or with an ORDER BY or competing index that displaces the bm25 index scan. A row-level security policy on the table also forces this filter path for roles it applies to.
SELECT bm25_match('nobody here has a body', 'body zzz');              -- t: bare
 bm25_match 
------------
 t
(1 row)

REVOKE SELECT ON m FROM bm25_h9_reader;
REVOKE USAGE ON SCHEMA public FROM bm25_h9_reader;
DROP ROLE bm25_h9_reader;
DROP TABLE m;
DROP FUNCTION fs_ids(text);
DROP FUNCTION fs_plan(text);
DROP EXTENSION bm25_native;
