-- 33_keymap.sql — key_field KEYMAP (cluster C5).
--
-- Covers: the BM25_KEY_* type tags + BM25KeymapHeader on-disk layout; the keymap
-- writer/reader wired into the seal (keymap_root set from bm25_keymap_write); the
-- bm25_debug_seg_keymap round-trip; the scorer stashing key[docid] beside the TID
-- (bm25_debug_rank_key); the ctid-fallback for a no-key_field index; live-segment
-- keymap reachability across VACUUM reclaim; and the F-KEY-EDGES (text>16B truncate,
-- NULL key -> sentinel, non-unique key, int8/uuid/text key types). Key survival
-- across a merge is exercised in 34_merge_multifield.
--
-- key_field is carried as an INCLUDE column (amcaninclude): its type needs no bm25_native
-- opclass, and its value reaches the build callback in values[] at the key's dense
-- index attno. The tokenized fields are the KEY (text) columns only.
CREATE EXTENSION bm25_native;
SET enable_seqscan = off;
------------------------------------------------------------------------------
-- C5.1/C5.3: an int4 key_field writes a valid keymap root, key_type/size correct.
------------------------------------------------------------------------------
CREATE TABLE kdocs (id int primary key, body text);
INSERT INTO kdocs SELECT g, 'alpha beta gamma ' || g FROM generate_series(1,5) g;
CREATE INDEX kdocs_bm25 ON kdocs USING bm25_native (body) INCLUDE (id) WITH (key_field='id');
-- keymap_root != Invalid (Invalid prints as 4294967295), key_type=INT4(1), size=4.
SELECT key_type, key_size, keymap_root <> 4294967295 AS keymap_written
  FROM bm25_debug_seg_keymap('kdocs_bm25', 0) LIMIT 1;
 key_type | key_size | keymap_written 
----------+----------+----------------
        1 |        4 | t
(1 row)

-- C5.4: per-docid round-trip. Segment 0 holds all 5 docs; dense docids 0..4 map to
-- ids 1..5 in heap-scan order.
SELECT local_docid, key_int4
  FROM bm25_debug_seg_keymap('kdocs_bm25', 0)
 ORDER BY local_docid;
 local_docid | key_int4 
-------------+----------
           0 |        1
           1 |        2
           2 |        3
           3 |        4
           4 |        5
(5 rows)

------------------------------------------------------------------------------
-- C5.4 F-KEY-EDGE: no key_field -> keymap_root Invalid, key_type/size 0, results
-- still return by ctid (unchanged &@@ path) — full back-compat.
------------------------------------------------------------------------------
CREATE TABLE ndocs (id int primary key, body text);
INSERT INTO ndocs SELECT g, 'alpha beta ' || g FROM generate_series(1,3) g;
CREATE INDEX ndocs_bm25 ON ndocs USING bm25_native (body);   -- no key_field
SELECT key_type, key_size, keymap_root <> 4294967295 AS keymap_written
  FROM bm25_debug_seg_keymap('ndocs_bm25', 0) LIMIT 1;
 key_type | key_size | keymap_written 
----------+----------+----------------
        0 |        0 | f
(1 row)

-- A no-key_field index still ranks and returns rows (by ctid) exactly as v4.
SELECT count(*) FROM ndocs WHERE body @@@ 'alpha';
 count 
-------
     3
(1 row)

------------------------------------------------------------------------------
-- C5.5: scored ranking keyed on the user id. id 10 (term in the 5x-boosted title)
-- outranks id 20 (term only in the body). Proves the scorer stored key[docid].
------------------------------------------------------------------------------
CREATE TABLE sdocs (id int primary key, title text, body text);
INSERT INTO sdocs VALUES
  (10, 'running shoes', 'padding padding padding'),
  (20, 'padding',       'running shoes mentioned once here');
CREATE INDEX sdocs_bm25 ON sdocs USING bm25_native (title, body) INCLUDE (id)
  WITH (key_field='id', boost_title='5.0', boost_body='1.0');
SELECT key_int4, round(score::numeric, 4) AS score
  FROM bm25_debug_rank_key('sdocs_bm25', 'running')
 ORDER BY score DESC, key_int4;
 key_int4 | score  
----------+--------
       10 | 3.0498
       20 | 0.6931
(2 rows)

-- bm25_score_key(key) is the query-path projection accessor (distinct from the debug
-- SRF above): it resolves a ranked row by the USER KEY (a linear match over the
-- scorer's stashed key[]) and returns the SAME score bm25_score(ctid) does. Both need
-- an active &@@ scoring scan. by_ctid == by_key for every ranked row.
SELECT id, round(bm25_score(ctid)::numeric, 4) AS by_ctid,
            round(bm25_score_key(id)::numeric, 4) AS by_key
  FROM sdocs WHERE title @@@ 'running' ORDER BY title &@@ 'running';
 id | by_ctid | by_key 
----+---------+--------
 10 |  3.0498 | 3.0498
 20 |  0.6931 | 0.6931
(2 rows)

------------------------------------------------------------------------------
-- F-KEY-EDGE: int8 / uuid / text key types round-trip through the keymap.
------------------------------------------------------------------------------
-- int8
CREATE TABLE k8 (id bigint primary key, body text);
INSERT INTO k8 VALUES (1000000001, 'delta epsilon'), (1000000002, 'delta zeta');
CREATE INDEX k8_bm25 ON k8 USING bm25_native (body) INCLUDE (id) WITH (key_field='id');
SELECT local_docid, key_int8 FROM bm25_debug_seg_keymap('k8_bm25', 0) ORDER BY local_docid;
 local_docid |  key_int8  
-------------+------------
           0 | 1000000001
           1 | 1000000002
(2 rows)

-- uuid
CREATE TABLE ku (id uuid primary key, body text);
INSERT INTO ku VALUES
  ('11111111-1111-1111-1111-111111111111', 'eta theta'),
  ('22222222-2222-2222-2222-222222222222', 'eta iota');
CREATE INDEX ku_bm25 ON ku USING bm25_native (body) INCLUDE (id) WITH (key_field='id');
SELECT local_docid, key_uuid FROM bm25_debug_seg_keymap('ku_bm25', 0) ORDER BY local_docid;
 local_docid |               key_uuid               
-------------+--------------------------------------
           0 | 11111111-1111-1111-1111-111111111111
           1 | 22222222-2222-2222-2222-222222222222
(2 rows)

-- text (short keys, <= 16 B). A text key column may be indexed OR INCLUDE'd; here it
-- is INCLUDE'd so it is not also tokenized as a field.
CREATE TABLE kt (id text primary key, body text);
INSERT INTO kt VALUES ('sku-001', 'kappa lambda'), ('sku-002', 'kappa mu');
CREATE INDEX kt_bm25 ON kt USING bm25_native (body) INCLUDE (id) WITH (key_field='id');
SELECT local_docid, key_text FROM bm25_debug_seg_keymap('kt_bm25', 0) ORDER BY local_docid;
 local_docid | key_text 
-------------+----------
           0 | sku-001
           1 | sku-002
(2 rows)

------------------------------------------------------------------------------
-- F-KEY-EDGE: text key > 16 bytes is TRUNCATED to 16 bytes (row indexed, NOT
-- dropped, NOT errored). Two keys sharing the first 16 bytes collide -> unspecified
-- identity (documented). The long key truncates to its first 16 bytes.
------------------------------------------------------------------------------
CREATE TABLE ktl (id text primary key, body text);
INSERT INTO ktl VALUES
  ('0123456789ABCDEF-tail-A', 'nu xi'),         -- 23 bytes; prefix "0123456789ABCDEF"
  ('short', 'nu omicron');
CREATE INDEX ktl_bm25 ON ktl USING bm25_native (body) INCLUDE (id) WITH (key_field='id');
SELECT local_docid, key_text FROM bm25_debug_seg_keymap('ktl_bm25', 0) ORDER BY local_docid;
 local_docid |     key_text     
-------------+------------------
           0 | 0123456789ABCDEF
           1 | short
(2 rows)

------------------------------------------------------------------------------
-- F-KEY-EDGE: NULL key. The row is still indexed + gets a posting; the keymap
-- stores the zero sentinel and decodes as key_int4 = 0 (the ctid-fallback marker
-- for that docid). Row is NOT dropped: its body term is still findable.
------------------------------------------------------------------------------
CREATE TABLE knull (rownum int, keyc int, body text);
INSERT INTO knull VALUES (1, 42, 'pi rho'), (2, NULL, 'pi sigma');
CREATE INDEX knull_bm25 ON knull USING bm25_native (body) INCLUDE (keyc) WITH (key_field='keyc');
-- docid 0 -> 42; docid 1 -> 0 (NULL key sentinel).
SELECT local_docid, key_int4 FROM bm25_debug_seg_keymap('knull_bm25', 0) ORDER BY local_docid;
 local_docid | key_int4 
-------------+----------
           0 |       42
           1 |        0
(2 rows)

-- The NULL-key row is still indexed (its body term is found).
SELECT count(*) FROM knull WHERE body @@@ 'sigma';
 count 
-------
     1
(1 row)

------------------------------------------------------------------------------
-- F-KEY-EDGE: non-unique key. Two rows with the same key value -> both indexed,
-- both keymap slots hold that key (unspecified which the scorer returns for the
-- key; documented, not enforced/deduped). Rows are NOT deduped on the key.
------------------------------------------------------------------------------
CREATE TABLE kdup (rownum int, keyc int, body text);
INSERT INTO kdup VALUES (1, 7, 'tau upsilon'), (2, 7, 'tau phi');
CREATE INDEX kdup_bm25 ON kdup USING bm25_native (body) INCLUDE (keyc) WITH (key_field='keyc');
-- Both docids carry key 7 (no dedupe on the key).
SELECT local_docid, key_int4 FROM bm25_debug_seg_keymap('kdup_bm25', 0) ORDER BY local_docid;
 local_docid | key_int4 
-------------+----------
           0 |        7
           1 |        7
(2 rows)

-- Both rows are present (the accumulator dedupes on TID, not the user key).
SELECT count(*) FROM kdup WHERE body @@@ 'tau';
 count 
-------
     2
(1 row)

------------------------------------------------------------------------------
-- F-KEY-EDGE (page-spanning): a 16-byte key (uuid/text) must never straddle a
-- KEYMAP page boundary. A page holds floor(capacity/16) whole keys; docid ~508 is
-- the first on the 2nd page. 600 uuid docs force multiple KEYMAP pages; every slot
-- must round-trip (a naive byte-stream writer corrupts the boundary docids).
------------------------------------------------------------------------------
CREATE TABLE ubig (id uuid primary key, body text);
INSERT INTO ubig SELECT md5(g::text)::uuid, 'term'||(g%50) FROM generate_series(0,599) g;
CREATE INDEX ubig_bm25 ON ubig USING bm25_native (body) INCLUDE (id) WITH (key_field='id');
-- docid d maps to md5(d)::uuid (fresh heap scanned in generate_series order).
SELECT bool_and(key_uuid = md5(local_docid::text)::uuid) AS all_uuid_keys_correct
  FROM bm25_debug_seg_keymap('ubig_bm25', 0);
 all_uuid_keys_correct 
-----------------------
 t
(1 row)

-- Boundary docids around the root->page2 transition round-trip exactly.
SELECT local_docid, key_uuid = md5(local_docid::text)::uuid AS ok
  FROM bm25_debug_seg_keymap('ubig_bm25', 0)
  WHERE local_docid IN (0, 507, 508, 509, 599) ORDER BY local_docid;
 local_docid | ok 
-------------+----
           0 | t
         507 | t
         508 | t
         509 | t
         599 | t
(5 rows)

------------------------------------------------------------------------------
-- Pending -> seal keeps the key. A post-build INSERT carries its key_field value
-- through the pending list, so once sealed the doc returns its user key (NOT ctid).
-- seg 0 = build (id 100); seg 1 = sealed-from-pending (ids 200, 300).
------------------------------------------------------------------------------
CREATE TABLE pdocs (id int primary key, body text);
INSERT INTO pdocs VALUES (100, 'omega psi');
CREATE INDEX pdocs_bm25 ON pdocs USING bm25_native (body) INCLUDE (id) WITH (key_field='id');
INSERT INTO pdocs VALUES (200, 'omega chi'), (300, 'omega phi');
SELECT bm25_seal('pdocs_bm25');
 bm25_seal 
-----------
 
(1 row)

-- The pending-sealed segment's keymap holds the real ids (no ctid fallback).
SELECT local_docid, key_int4 FROM bm25_debug_seg_keymap('pdocs_bm25', 1) ORDER BY local_docid;
 local_docid | key_int4 
-------------+----------
           0 |      200
           1 |      300
(2 rows)

------------------------------------------------------------------------------
-- C5.6: live-segment KEYMAP pages are reachable from bm25_reclaim_orphans
-- (mark_chain(h.keymap_root)); a VACUUM must not free them. Round-trip survives.
------------------------------------------------------------------------------
CREATE TABLE vdocs (id int primary key, body text);
INSERT INTO vdocs SELECT g, 'kappa lambda ' || g FROM generate_series(1,4) g;
CREATE INDEX vdocs_bm25 ON vdocs USING bm25_native (body) INCLUDE (id) WITH (key_field='id');
-- A new index has never been swept, so its first VACUUM sweeps (issue #300's gate);
-- the counter pins that, or the round trip below would prove nothing.
SELECT bm25_debug_orphan_sweeps() AS sweeps_before \gset
VACUUM vdocs;
SELECT bm25_debug_orphan_sweeps() - :sweeps_before AS keymap_vacuum_swept;
 keymap_vacuum_swept 
---------------------
                   1
(1 row)

SELECT local_docid, key_int4
  FROM bm25_debug_seg_keymap('vdocs_bm25', 0) ORDER BY local_docid;
 local_docid | key_int4 
-------------+----------
           0 |        1
           1 |        2
           2 |        3
           3 |        4
(4 rows)

DROP TABLE kdocs, ndocs, sdocs, k8, ku, kt, ktl, knull, kdup, ubig, pdocs, vdocs;
DROP EXTENSION bm25_native;
